---------------FILENAME: tests/hyp_double_fparams.ifj16---------------


Instruction stack item [24] -> class with name "Main"
Instruction stack item [23] -> instruction with operation 37 -> INSTR_ASS_ARG
Instruction stack item [22] -> instruction with operation 28 -> ASSIGNMENT
Instruction stack item [21] -> instruction with operation 37 -> INSTR_ASS_ARG
Instruction stack item [20] -> instruction with operation 28 -> ASSIGNMENT
Instruction stack item [19] -> function with name "run"
Instruction stack item [18] -> instruction with operation 35 -> INSTR_CALL_FUNC
Instruction stack item [17] -> instruction with operation 28 -> ASSIGNMENT
Instruction stack item [16] -> end function
Instruction stack item [15] -> function with name "hyp"
Instruction stack item [14] -> instruction with operation 37 -> INSTR_ASS_ARG
Instruction stack item [13] -> instruction with operation 37 -> INSTR_ASS_ARG
Instruction stack item [12] -> instruction with operation 3 -> MUL
Instruction stack item [11] -> instruction with operation 28 -> ASSIGNMENT
Instruction stack item [10] -> instruction with operation 37 -> INSTR_ASS_ARG
Instruction stack item [9] -> instruction with operation 37 -> INSTR_ASS_ARG
Instruction stack item [8] -> instruction with operation 3 -> MUL
Instruction stack item [7] -> instruction with operation 28 -> ASSIGNMENT
Instruction stack item [6] -> instruction with operation 37 -> INSTR_ASS_ARG
Instruction stack item [5] -> instruction with operation 37 -> INSTR_ASS_ARG
Instruction stack item [4] -> instruction with operation 1 -> PLUS
Instruction stack item [3] -> instruction with operation 28 -> ASSIGNMENT
Instruction stack item [2] -> instruction with operation 37 -> INSTR_ASS_ARG
Instruction stack item [1] -> end function
Instruction stack item [0] -> end class


---------------MAKE RELATIONS--------------
                     *
                     *
                     *
------------------EXECUTE------------------

------------------OUTPUT-------------------

STEP 1 - non-func instructions
Found Main
STEP 1 - non-func instructions
INSERT 3
---------------------------------------------------
N0: type is 22, values is 3
---------------------------------------------------
STEP 1 - non-func instructions
ASSIGN 3 to 0xd2d400
---------------------------------------------------
N0: type is 22, values is 3
---------------------------------------------------
---------------------------------------------------
---------------------------------------------------
STEP 1 - non-func instructions
INSERT 4
---------------------------------------------------
N0: type is 22, values is 4
---------------------------------------------------
STEP 1 - non-func instructions
ASSIGN 4 to 0xd2d4c0
---------------------------------------------------
N0: type is 22, values is 4
---------------------------------------------------
---------------------------------------------------
---------------------------------------------------
STEP 1 - non-func instructions
Got in function - ignore instructions until I get out
Found run()
STEP 1 - non-func instructions
STEP 1 - non-func instructions
STEP 1 - non-func instructions
Got out of function
Got out of run()
STEP 1 - non-func instructions
Got in function - ignore instructions until I get out
STEP 1 - non-func instructions
STEP 1 - non-func instructions
STEP 1 - non-func instructions
STEP 1 - non-func instructions
STEP 1 - non-func instructions
STEP 1 - non-func instructions
STEP 1 - non-func instructions
STEP 1 - non-func instructions
STEP 1 - non-func instructions
STEP 1 - non-func instructions
STEP 1 - non-func instructions
STEP 1 - non-func instructions
STEP 1 - non-func instructions
STEP 1 - non-func instructions
Got out of function
STEP 1 - non-func instructions
Got out of Main
STEP 2 - validating existance of run() in Main
STEP 3 - executing run() instructions
INSTR_CALL_FUNC
INSERT 0
---------------------------------------------------
N0: type is 23, values is 0
---------------------------------------------------
INSERT 0
---------------------------------------------------
N1: type is 23, values is 0
N0: type is 23, values is 0
---------------------------------------------------
UNKNOWN INSTRUCTION
---------------------------------------------------
N0: type is 23, values is 0
---------------------------------------------------
ASSIGN 0.000000 to 0xd2dd30
---------------------------------------------------
N0: type is 23, values is 0
---------------------------------------------------
---------------------------------------------------
---------------------------------------------------
INSERT 0
---------------------------------------------------
N0: type is 23, values is 0
---------------------------------------------------
INSERT 0
---------------------------------------------------
N1: type is 23, values is 0
N0: type is 23, values is 0
---------------------------------------------------
UNKNOWN INSTRUCTION
---------------------------------------------------
N0: type is 23, values is 0
---------------------------------------------------
ASSIGN 0.000000 to 0xd2d260
---------------------------------------------------
N0: type is 23, values is 0
---------------------------------------------------
---------------------------------------------------
---------------------------------------------------
INSERT 0
---------------------------------------------------
N0: type is 23, values is 0
---------------------------------------------------
INSERT 0
---------------------------------------------------
N1: type is 23, values is 0
N0: type is 23, values is 0
---------------------------------------------------
PLUS
---------------------------------------------------
N0: type is 23, values is 0
---------------------------------------------------
ASSIGN 0.000000 to 0xd2e4b0
---------------------------------------------------
N0: type is 23, values is 0
---------------------------------------------------
---------------------------------------------------
---------------------------------------------------
INSERT 0
---------------------------------------------------
N0: type is 23, values is 0
---------------------------------------------------
---------------------------------------------------
N0: type is 23, values is 0
---------------------------------------------------
ASSIGN 0.000000 to 0xd2d860
---------------------------------------------------
N0: type is 23, values is 0
---------------------------------------------------
---------------------------------------------------
---------------------------------------------------

-----------------END OUTPUT----------------


----------------ALL RIGHT!!!---------------

----------------SYMBOL TREE----------------

Class Main
	Variable -> a, type DOUBLE, value [3.000000]
	Variable -> b, type DOUBLE, value [4.000000]
	Function -> run
Lokal variables: 
	Variable -> hypotenuse, type DOUBLE, value [0.000000]
	Function -> hyp
Lokal variables: 
	Variable -> a, type DOUBLE, value [0.000000]
	Variable -> b, type DOUBLE, value [0.000000]
	Variable -> aa, type DOUBLE, value [0.000000]
	Variable -> bb, type DOUBLE, value [0.000000]
	Variable -> c, type DOUBLE, value [0.000000]


--------------INSTRUCTION LIST-------------

Instruction stack item [24] -> class with name "Main"
Instruction stack item [23] -> instruction with operation 37 -> INSTR_ASS_ARG
Instruction stack item [22] -> instruction with operation 28 -> ASSIGNMENT
Instruction stack item [21] -> instruction with operation 37 -> INSTR_ASS_ARG
Instruction stack item [20] -> instruction with operation 28 -> ASSIGNMENT
Instruction stack item [19] -> function with name "run"
Instruction stack item [18] -> instruction with operation 35 -> INSTR_CALL_FUNC
Instruction stack item [17] -> instruction with operation 28 -> ASSIGNMENT
Instruction stack item [16] -> end function
Instruction stack item [15] -> function with name "hyp"
Instruction stack item [14] -> instruction with operation 37 -> INSTR_ASS_ARG
Instruction stack item [13] -> instruction with operation 37 -> INSTR_ASS_ARG
Instruction stack item [12] -> instruction with operation 3 -> MUL
Instruction stack item [11] -> instruction with operation 28 -> ASSIGNMENT
Instruction stack item [10] -> instruction with operation 37 -> INSTR_ASS_ARG
Instruction stack item [9] -> instruction with operation 37 -> INSTR_ASS_ARG
Instruction stack item [8] -> instruction with operation 3 -> MUL
Instruction stack item [7] -> instruction with operation 28 -> ASSIGNMENT
Instruction stack item [6] -> instruction with operation 37 -> INSTR_ASS_ARG
Instruction stack item [5] -> instruction with operation 37 -> INSTR_ASS_ARG
Instruction stack item [4] -> instruction with operation 1 -> PLUS
Instruction stack item [3] -> instruction with operation 28 -> ASSIGNMENT
Instruction stack item [2] -> instruction with operation 37 -> INSTR_ASS_ARG
Instruction stack item [1] -> end function
Instruction stack item [0] -> end class



