
Lexical error! Unknown lexem ""Hello, FIT
	;
	static void run(){

	}
}ÿ"!

