
Semantic error! Variable with this name exist already: "x"!

