
Semantic error! Expected return value, but function returns value with other type or return nothing!

