
Semantic error! Undefined class with name "Clas"!

