
Semantic error type compatibility! Error in arguments of called function with name "plus"!

