
Semantic error type compatibility! Variable or value have unexpected type!

