
Semantic error! Undefined variable with name "a"!

