---------------FILENAME: tests/str_assign.ifj16---------------


Instruction stack item [7] -> class with name "Main"
Instruction stack item [6] -> instruction with operation 37 -> INSTR_ASS_ARG
Instruction stack item [5] -> instruction with operation 28 -> ASSIGNMENT
Instruction stack item [4] -> function with name "run"
Instruction stack item [3] -> instruction with operation 37 -> INSTR_ASS_ARG
Instruction stack item [2] -> instruction with operation 28 -> ASSIGNMENT
Instruction stack item [1] -> end function
Instruction stack item [0] -> end class


---------------MAKE RELATIONS--------------
                     *
                     *
                     *
------------------EXECUTE------------------

------------------OUTPUT-------------------

STEP 1 - non-func instructions
Found Main
STEP 1 - non-func instructions
INSERT Hello, world!
---------------------------------------------------
N0: type is 24, values is Hello, world!
---------------------------------------------------
STEP 1 - non-func instructions
ASSIGN Hello, world! to 0xe0000000d
---------------------------------------------------
N0: type is 24, values is Hello, world!
---------------------------------------------------
---------------------------------------------------
---------------------------------------------------
STEP 1 - non-func instructions
Got in function - ignore instructions until I get out
Found run()
STEP 1 - non-func instructions
STEP 1 - non-func instructions
STEP 1 - non-func instructions
Got out of function
Got out of run()
STEP 1 - non-func instructions
Got out of Main
STEP 2 - validating existance of run() in Main
STEP 3 - executing run() instructions
INSERT Hello, world!
---------------------------------------------------
N0: type is 24, values is Hello, world!
---------------------------------------------------
ASSIGN Hello, world! to 0xe0000000d
---------------------------------------------------
N0: type is 24, values is Hello, world!
---------------------------------------------------
---------------------------------------------------
---------------------------------------------------

-----------------END OUTPUT----------------


----------------ALL RIGHT!!!---------------

----------------SYMBOL TREE----------------

Class Main
	Variable -> a, type STRING, value [Hello, world!]
	Function -> run
Lokal variables: 
	Variable -> b, type STRING, value [Hello, world!]


--------------INSTRUCTION LIST-------------

Instruction stack item [7] -> class with name "Main"
Instruction stack item [6] -> instruction with operation 37 -> INSTR_ASS_ARG
Instruction stack item [5] -> instruction with operation 28 -> ASSIGNMENT
Instruction stack item [4] -> function with name "run"
Instruction stack item [3] -> instruction with operation 37 -> INSTR_ASS_ARG
Instruction stack item [2] -> instruction with operation 28 -> ASSIGNMENT
Instruction stack item [1] -> end function
Instruction stack item [0] -> end class



