
Syntax error! Unknown expression with token "1"!

