
Syntax error! Unknown expression with token "3.14"!

