
Syntax error! Unknown expression with token ";"!

